
> cloacker-pascha-integration@1.0.0 dev
> next dev -p 3006

  ▲ Next.js 14.2.35
  - Local:        http://localhost:3006
  - Environments: .env.local

 ✓ Starting...
 ✓ Ready in 1223ms
 ○ Compiling / ...
 ✓ Compiled / in 1030ms (261 modules)
 ✓ Compiled /api/detect in 53ms (67 modules)
[DETECT] IP extraction debug: {
  'x-forwarded-for': '::1',
  'cf-connecting-ip': '',
  'socket.remoteAddress': '::1',
  'final-ip': '::1'
}
[DETECT] Enviando para PASCHA: {
  ip: '::1',
  userAgent: 'Mozilla/5.0 (Windows NT 10.0; Win64; x64) AppleWeb...',
  headers: {
    'accept-language': '*',
    'accept-encoding': 'gzip, deflate',
    referer: '',
    accept: '*/*',
    connection: 'keep-alive',
    'sec-ch-ua': ''
  },
  geo: { country: 'unknown' }
}
[PASCHA_CLIENT] Request body being sent: {
  "ip": "::1",
  "userAgent": "Mozilla/5.0 (Windows NT 10.0; Win64; x64) AppleWebKit/537.36 (KHTML, like Gecko) Chrome/91.0.4472.124 Safari/537.36",
  "headers": {
    "accept-language": "*",
    "accept-encoding": "gzip, deflate",
    "referer": "",
    "accept": "*/*",
    "connection": "keep-alive",
    "sec-ch-ua": ""
  },
  "geo": {
    "country": "unknown"
  }
}
[PASCHA_CLIENT] Base URL: https://cloacker-production-849d.up.railway.app
[PASCHA_CLIENT] API Key present: true
[PASCHA_CLIENT] Raw response from PASCHA: {
  "success": true,
  "cached": true,
  "cacheAge": 89482,
  "isBot": true,
  "score": 50,
  "scoreBreakdown": {
    "botSignature": 0,
    "browserHeaders": 0,
    "tlsFingerprint": 0,
    "proxyDetection": 0,
    "encodingHeaders": 0,
    "headerCoherence": 15,
    "behaviorScore": 20,
    "canvasScore": 15
  },
  "confidence": "medium",
  "recommendation": "safe",
  "timestamp": "2026-05-22T03:00:47.081Z"
}
[PASCHA] Score breakdown: {
  botSignature: 0,
  browserHeaders: 0,
  tlsFingerprint: 0,
  proxyDetection: 0,
  encodingHeaders: 0,
  headerCoherence: 15,
  behaviorScore: 20,
  canvasScore: 15
}
[PASCHA] Cache hit: true
[DETECT] Resposta PASCHA: {
  isBot: true,
  score: 50,
  confidence: 'medium',
  cached: true,
  error: undefined
}
[::1] Bot: true | Score: 50 | Cached: true
 POST /api/detect 200 in 692ms
 GET / 200 in 1830ms
 GET / 200 in 28ms
